<area shape="rect" title="Classes for representing a query." alt="" coords="719,157,780,184">
<area shape="rect" title="Classes for representing a query." alt="" coords="280,512,344,539">
<area shape="rect" href="$base_8h&#45;source.html" title="Classes for representing a query." alt="" coords="691,107,808,133">
<area shape="rect" href="$types_8h.html" title="Classes for representing a query." alt="" coords="688,309,811,336">
<area shape="rect" href="$termiterator_8h.html" title="Classes for representing a query." alt="" coords="230,259,395,285">
<area shape="rect" href="$visibility_8h&#45;source.html" title="Classes for iterating through position lists." alt="" coords="680,360,819,387">
<area shape="rect" href="$deprecated_8h&#45;source.html" title="xapian/deprecated.h" alt="" coords="867,107,1030,133">
<area shape="rect" title="Classes for iterating through term lists." alt="" coords="714,233,786,260">
<area shape="rect" href="$positioniterator_8h.html" title="Classes for iterating through term lists." alt="" coords="444,208,631,235">
