<area shape="rect" href="$base_8h&#45;source.html" title="parsing a user query string to build a Xapian::Query object" alt="" coords="907,95,1024,121">
<area shape="rect" href="$query_8h.html" title="parsing a user query string to build a Xapian::Query object" alt="" coords="275,309,398,336">
<area shape="rect" title="Classes for representing a query." alt="" coords="935,221,996,248">
<area shape="rect" href="$termiterator_8h.html" title="Classes for representing a query." alt="" coords="446,360,611,387">
<area shape="rect" href="$visibility_8h&#45;source.html" title="Classes for iterating through position lists." alt="" coords="896,537,1035,564">
<area shape="rect" title="parsing a user query string to build a Xapian::Query object" alt="" coords="315,664,358,691">
<area shape="rect" href="$deprecated_8h&#45;source.html" title="xapian/deprecated.h" alt="" coords="1083,95,1246,121">
<area shape="rect" title="Classes for representing a query." alt="" coords="496,183,560,209">
<area shape="rect" href="$types_8h.html" title="Classes for representing a query." alt="" coords="904,360,1027,387">
<area shape="rect" title="Classes for iterating through term lists." alt="" coords="930,436,1002,463">
<area shape="rect" href="$positioniterator_8h.html" title="Classes for iterating through term lists." alt="" coords="660,360,847,387">
