<area shape="rect" title="Public interfaces for the Xapian library." alt="" coords="1099,151,1232,177">
<area shape="rect" href="$types_8h.html" title="Public interfaces for the Xapian library." alt="" coords="1104,531,1227,557">
<area shape="rect" title="Public interfaces for the Xapian library." alt="" coords="226,176,340,203">
<area shape="rect" href="$errorhandler_8h.html" title="Public interfaces for the Xapian library." alt="" coords="635,1088,803,1115">
<area shape="rect" href="$visibility_8h&#45;source.html" title="Decide if a Xapian::Error exception should be ignored." alt="" coords="1096,1164,1235,1191">
<area shape="rect" href="$database_8h.html" title="Public interfaces for the Xapian library." alt="" coords="428,784,575,811">
<area shape="rect" href="$deprecated_8h&#45;source.html" title="xapian/deprecated.h" alt="" coords="1283,949,1446,976">
<area shape="rect" href="$positioniterator_8h.html" title="API for working with Xapian databases." alt="" coords="860,733,1047,760">
<area shape="rect" href="$postingiterator_8h.html" title="API for working with Xapian databases." alt="" coords="627,581,811,608">
<area shape="rect" href="$termiterator_8h.html" title="API for working with Xapian databases." alt="" coords="636,1037,802,1064">
<area shape="rect" href="$dbfactory_8h.html" title="Public interfaces for the Xapian library." alt="" coords="880,328,1027,355">
<area shape="rect" href="$document_8h.html" title="Public interfaces for the Xapian library." alt="" coords="426,987,578,1013">
<area shape="rect" href="$valueiterator_8h.html" title="Public interfaces for the Xapian library." alt="" coords="198,911,368,937">
<area shape="rect" href="$termgenerator_8h.html" title="Public interfaces for the Xapian library." alt="" coords="628,1747,810,1773">
<area shape="rect" href="$unicode_8h.html" title="parse free text and generate terms" alt="" coords="884,1797,1023,1824">
<area shape="rect" href="$enquire_8h.html" title="Public interfaces for the Xapian library." alt="" coords="434,1633,570,1660">
<area shape="rect" href="$expanddecider_8h.html" title="Public interfaces for the Xapian library." alt="" coords="191,2012,375,2039">
<area shape="rect" href="$matchspy_8h.html" title="Public interfaces for the Xapian library." alt="" coords="208,1936,358,1963">
<area shape="rect" href="$query_8h.html" title="Public interfaces for the Xapian library." alt="" coords="440,1189,563,1216">
<area shape="rect" href="$queryparser_8h.html" title="Public interfaces for the Xapian library." alt="" coords="200,1392,366,1419">
<area shape="rect" href="$stem_8h.html" title="Public interfaces for the Xapian library." alt="" coords="895,1899,1012,1925">
<area shape="rect" title="API for working with Xapian databases." alt="" coords="1135,2101,1196,2128">
<area shape="rect" title="API for working with Xapian databases." alt="" coords="687,835,751,861">
<area shape="rect" href="$base_8h&#45;source.html" title="API for working with Xapian databases." alt="" coords="1107,1493,1224,1520">
<area shape="rect" title="Classes for iterating through position lists." alt="" coords="1130,240,1202,267">
<area shape="rect" title="Allow rejection of terms during ESet generation." alt="" coords="480,2000,523,2027">
<area shape="rect" title="MatchDecider subclasses for use as " alt="" coords="476,1949,527,1976">
